100/5000 cells done (66s)
200/5000 cells done (123s)
300/5000 cells done (180s)
400/5000 cells done (237s)
500/5000 cells done (279s)
600/5000 cells done (330s)
700/5000 cells done (387s)
800/5000 cells done (450s)
900/5000 cells done (514s)
1000/5000 cells done (567s)
1100/5000 cells done (600s)
1200/5000 cells done (680s)
/Users/ramakrushna/Downloads/Deepak_Prajapati2/idea3_stage_degradation/src/ig_process.py:47: RuntimeWarning: divide by zero encountered in divide
  u1 = r * (1.0 - y / a)
/Users/ramakrushna/Downloads/Deepak_Prajapati2/idea3_stage_degradation/src/ig_process.py:47: RuntimeWarning: invalid value encountered in multiply
  u1 = r * (1.0 - y / a)
/Users/ramakrushna/Downloads/Deepak_Prajapati2/idea3_stage_degradation/src/ig_process.py:48: RuntimeWarning: divide by zero encountered in divide
  u2 = -(r * (1.0 + y / a))
/Users/ramakrushna/Downloads/Deepak_Prajapati2/idea3_stage_degradation/src/ig_process.py:48: RuntimeWarning: invalid value encountered in multiply
  u2 = -(r * (1.0 + y / a))
/Users/ramakrushna/Downloads/Deepak_Prajapati2/idea3_stage_degradation/src/ig_process.py:51: RuntimeWarning: invalid value encountered in divide
  z = 2.0 * b / a + log_ndtr(u2)
1300/5000 cells done (758s)
1400/5000 cells done (843s)
1500/5000 cells done (936s)
1600/5000 cells done (1032s)
1700/5000 cells done (1107s)
1800/5000 cells done (1204s)
1900/5000 cells done (1281s)
2000/5000 cells done (1355s)
2100/5000 cells done (1481s)
2200/5000 cells done (1597s)
2300/5000 cells done (1717s)
2400/5000 cells done (1851s)
2500/5000 cells done (1962s)
2600/5000 cells done (2086s)
2700/5000 cells done (2129s)
2800/5000 cells done (2175s)
2900/5000 cells done (2230s)
3000/5000 cells done (2288s)
3100/5000 cells done (2335s)
3200/5000 cells done (2394s)
3300/5000 cells done (2458s)
3400/5000 cells done (2521s)
3500/5000 cells done (2589s)
3600/5000 cells done (2657s)
3700/5000 cells done (2725s)
3800/5000 cells done (2805s)
3900/5000 cells done (2874s)
4000/5000 cells done (2939s)
4100/5000 cells done (2999s)
4200/5000 cells done (3057s)
4300/5000 cells done (3111s)
4400/5000 cells done (3175s)
4500/5000 cells done (3235s)
4600/5000 cells done (3298s)
4700/5000 cells done (3362s)
4800/5000 cells done (3419s)
4900/5000 cells done (3478s)
5000/5000 cells done (3539s)
wrote results/per_rep_1000.csv (15000, 18) 3539s
